✅ Синтаксис OK: .\auto_test.py
✅ Синтаксис OK: .\config.py
✅ Синтаксис OK: .\new_project.py
✅ Синтаксис OK: .\test_anticaptcha.py
✅ Синтаксис OK: .\test_parsers.py
✅ Синтаксис OK: .\token_saver.py
✅ Синтаксис OK: .\bot\config.py
✅ Синтаксис OK: .\bot\main.py
⚠️ .\bot\main.py: добавь Router()
✅ Синтаксис OK: .\bot\__init__.py
✅ Синтаксис OK: .\bot\handlers\add_product.py
✅ Синтаксис OK: .\bot\handlers\admin.py
✅ Синтаксис OK: .\bot\handlers\history.py
✅ Синтаксис OK: .\bot\handlers\list_products.py
✅ Синтаксис OK: .\bot\handlers\start.py
✅ Синтаксис OK: .\bot\handlers\__init__.py
✅ Синтаксис OK: .\bot\keyboards\add_product.py
⚠️ .\bot\keyboards\add_product.py: добавь Router()
✅ Синтаксис OK: .\bot\keyboards\appointment.py
⚠️ .\bot\keyboards\appointment.py: добавь Router()
✅ Синтаксис OK: .\bot\keyboards\__init__.py
✅ Синтаксис OK: .\bot\services\appointment_db.py
✅ Синтаксис OK: .\bot\services\captcha_notifier.py
✅ Синтаксис OK: .\bot\services\chart.py
✅ Синтаксис OK: .\bot\services\database.py
✅ Синтаксис OK: .\bot\services\parser_engine.py
✅ Синтаксис OK: .\bot\services\scheduler.py
⚠️ .\bot\services\scheduler.py: добавь Router()
✅ Синтаксис OK: .\bot\services\__init__.py
✅ Синтаксис OK: .\bot\states\add_product.py
⚠️ .\bot\states\add_product.py: добавь Router()
✅ Синтаксис OK: .\bot\states\appointment.py
⚠️ .\bot\states\appointment.py: добавь Router()
✅ Синтаксис OK: .\bot\states\__init__.py
✅ Синтаксис OK: .\exporters\excel_exporter.py
✅ Синтаксис OK: .\exporters\google_sheets_exporter.py
✅ Синтаксис OK: .\exporters\__init__.py
✅ Синтаксис OK: .\parsers\aliexpress.py
✅ Синтаксис OK: .\parsers\base.py
✅ Синтаксис OK: .\parsers\browserwing_client.py
✅ Синтаксис OK: .\parsers\captcha_detector.py
✅ Синтаксис OK: .\parsers\factory.py
❌ .\parsers\factory.py: парсер должен быть async
✅ Синтаксис OK: .\parsers\human_behavior.py
✅ Синтаксис OK: .\parsers\lamoda.py
✅ Синтаксис OK: .\parsers\ozon.py
✅ Синтаксис OK: .\parsers\proxy_rotator.py
✅ Синтаксис OK: .\parsers\sbermegamarket.py
✅ Синтаксис OK: .\parsers\stealth_config.py
❌ .\parsers\stealth_config.py: парсер должен быть async
✅ Синтаксис OK: .\parsers\universal.py
✅ Синтаксис OK: .\parsers\universal_browser_parser.py
✅ Синтаксис OK: .\parsers\wildberries.py
✅ Синтаксис OK: .\parsers\yandex_market.py
✅ Синтаксис OK: .\parsers\__init__.py
❌ .\parsers\__init__.py: парсер должен быть async